// Jest Snapshot v1, https://goo.gl/fbAQLP

exports[`Header page of the App Builds the snapchot of the Header component safely 1`] = `
<div
  className="Header"
>
  <h1>
    Math Magicians
  </h1>
  <nav>
    <ul>
      <li>
        <a
          href="/"
          onClick={[Function]}
        >
          Home
        </a>
      </li>
      <li>
        <a
          href="/calculator"
          onClick={[Function]}
        >
          Calculator
        </a>
      </li>
      <li>
        <a
          href="/quote"
          onClick={[Function]}
        >
          Quote
        </a>
      </li>
    </ul>
  </nav>
</div>
`;
